// Jest Snapshot v1, https://goo.gl/fbAQLP

exports[`Resolve a show 1`] = `
Object {
  "airsDayOfWeek": "Monday",
  "airsTime": "09:00 PM",
  "ended": false,
  "fanart": "fanart.jpg",
  "firstAired": "2016-03-15",
  "genre": Array [
    "Drama",
    "Action",
  ],
  "id": 5,
  "imdbId": "tt12345",
  "language": "en",
  "lastupdate": 1234567891,
  "name": "Dexter",
  "network": "AMC",
  "overview": "Something, somthing",
  "poster": "poster.jpg",
  "runtime": 60,
  "tvdbId": 2,
}
`;

exports[`Resolve a show 2`] = `
Array [
  Object {
    "name": "first",
    "type": "get",
  },
  Object {
    "args": Array [
      "*",
    ],
    "type": "apply",
  },
  Object {
    "name": "from",
    "type": "get",
  },
  Object {
    "args": Array [
      "tv_show",
    ],
    "type": "apply",
  },
  Object {
    "name": "where",
    "type": "get",
  },
  Object {
    "args": Array [
      "id",
      5,
    ],
    "type": "apply",
  },
]
`;
